// Jest Snapshot v1, https://goo.gl/fbAQLP

exports[`an @if rule toJSON 1`] = `
{
  "ifCondition": <foo>,
  "inputs": [
    {
      "css": "@if foo {}",
      "hasBOM": false,
      "id": "<input css _____>",
    },
  ],
  "name": "if",
  "nodes": [],
  "params": "foo",
  "raws": {},
  "sassType": "if-rule",
  "source": <1:1-1:11 in 0>,
  "type": "atrule",
}
`;
