// Jest Snapshot v1, https://goo.gl/fbAQLP

exports[`a Sass-style comment toJSON 1`] = `
{
  "inputs": [
    {
      "css": "// foo",
      "hasBOM": false,
      "id": "<input css _____>",
    },
  ],
  "raws": {
    "before": "",
    "beforeLines": [
      "",
    ],
    "left": " ",
  },
  "sassType": "sass-comment",
  "source": <1:1-1:7 in 0>,
  "text": "foo",
  "type": "comment",
}
`;
