// Jest Snapshot v1, https://jestjs.io/docs/snapshot-testing

exports[`a boolean expression toJSON 1`] = `
{
  "inputs": [
    {
      "css": "@#{true}",
      "hasBOM": false,
      "id": "<input css _____>",
    },
  ],
  "raws": {},
  "sassType": "boolean",
  "source": <1:4-1:8 in 0>,
  "value": true,
}
`;
