// Jest Snapshot v1, https://goo.gl/fbAQLP

exports[`a list expression toJSON 1`] = `
{
  "brackets": true,
  "inputs": [
    {
      "css": "@#{[foo, bar]}",
      "hasBOM": false,
      "id": "<input css _____>",
    },
  ],
  "nodes": [
    <foo>,
    <bar>,
  ],
  "raws": {},
  "sassType": "list",
  "separator": ",",
  "source": <1:4-1:14 in 0>,
}
`;
