// Jest Snapshot v1, https://jestjs.io/docs/snapshot-testing

exports[`a map entry toJSON 1`] = `
{
  "inputs": [
    {
      "css": "@#{(baz: qux)}",
      "hasBOM": false,
      "id": "<input css _____>",
    },
  ],
  "key": <baz>,
  "raws": {},
  "sassType": "map-entry",
  "value": <qux>,
}
`;
