// Jest Snapshot v1, https://goo.gl/fbAQLP

exports[`a null expression toJSON 1`] = `
{
  "inputs": [
    {
      "css": "@#{null}",
      "hasBOM": false,
      "id": "<input css _____>",
    },
  ],
  "raws": {},
  "sassType": "null",
  "source": <1:4-1:8 in 0>,
}
`;
