// Jest Snapshot v1, https://jestjs.io/docs/snapshot-testing

exports[`a number expression toJSON 1`] = `
{
  "inputs": [
    {
      "css": "@#{123%}",
      "hasBOM": false,
      "id": "<input css _____>",
    },
  ],
  "raws": {},
  "sassType": "number",
  "source": <1:4-1:8 in 0>,
  "unit": "%",
  "value": 123,
}
`;
