// Jest Snapshot v1, https://jestjs.io/docs/snapshot-testing

exports[`a selector expression toJSON 1`] = `
{
  "inputs": [
    {
      "css": "@#{&}",
      "hasBOM": false,
      "id": "<input css _____>",
    },
  ],
  "raws": {},
  "sassType": "selector-expr",
  "source": <1:4-1:5 in 0>,
}
`;
