// Jest Snapshot v1, https://goo.gl/fbAQLP

exports[`a dynamic import toJSON 1`] = `
{
  "inputs": [
    {
      "css": "@import "foo"",
      "hasBOM": false,
      "id": "<input css _____>",
    },
  ],
  "raws": {},
  "sassType": "dynamic-import",
  "source": <1:9-1:14 in 0>,
  "url": "foo",
}
`;
