// Jest Snapshot v1, https://goo.gl/fbAQLP

exports[`an interpolation toJSON 1`] = `
{
  "inputs": [
    {
      "css": "@foo#{bar}baz",
      "hasBOM": false,
      "id": "<input css _____>",
    },
  ],
  "nodes": [
    "foo",
    <bar>,
    "baz",
  ],
  "raws": {},
  "sassType": "interpolation",
  "source": <1:2-1:14 in 0>,
}
`;
